
> giglink@0.1.0 build
> react-scripts build

node.exe : (node:2308) [DEP0176] DeprecationWarning: fs.F_OK is deprecated, 
use fs.constants.F_OK instead
At line:1 char:1
+ & "C:\Program Files\nodejs/node.exe" "C:\Program Files\nodejs/node_mo ...
+ ~~~~~~~~~~~~~~~~~~~~~~~~~~~~~~~~~~~~~~~~~~~~~~~~~~~~~~~~~~~~~~~~~~~~~
    + CategoryInfo          : NotSpecified: ((node:2308) [DE...ts.F_OK instead 
   :String) [], RemoteException
    + FullyQualifiedErrorId : NativeCommandError
 
(Use `node --trace-deprecation ...` to show where the warning was created)
Creating an optimized production build...
Compiled with warnings.

[eslint] 
src\features\bookings\pages\MyBookings.jsx
  Line 15:24:   'setActiveFilter' is assigned a value but never used               no-unused-vars
  Line 16:25:   'setDisplayFilter' is assigned a value but never used              no-unused-vars
  Line 19:10:   'ratingHover' is assigned a value but never used                   no-unused-vars
  Line 24:10:   'showPaymentStatusNotice' is assigned a value but never used       no-unused-vars
  Line 25:10:   'paymentStatusMessage' is assigned a value but never used          no-unused-vars
  Line 26:10:   'paymentProofError' is assigned a value but never used             no-unused-vars
  Line 27:10:   'headerNotifications' is assigned a value but never used           no-unused-vars
  Line 30:10:   'cashReviewState' is assigned a value but never used               no-unused-vars
  Line 31:10:   'cashReviewMessage' is assigned a value but never used             no-unused-vars
  Line 32:10:   'isCashAmountFocused' is assigned a value but never used           no-unused-vars
  Line 32:31:   'setIsCashAmountFocused' is assigned a value but never used        no-unused-vars
  Line 33:10:   'transactionProofBookingId' is assigned a value but never used     no-unused-vars
  Line 34:10:   'hoveredCardId' is assigned a value but never used                 no-unused-vars
  Line 34:25:   'setHoveredCardId' is assigned a value but never used              no-unused-vars
  Line 35:10:   'hoveredOpenChatId' is assigned a value but never used             no-unused-vars
  Line 35:29:   'setHoveredOpenChatId' is assigned a value but never used          no-unused-vars
  Line 36:10:   'hoveredRateId' is assigned a value but never used                 no-unused-vars
  Line 36:25:   'setHoveredRateId' is assigned a value but never used              no-unused-vars
  Line 37:10:   'hoveredPayId' is assigned a value but never used                  no-unused-vars
  Line 37:24:   'setHoveredPayId' is assigned a value but never used               no-unused-vars
  Line 39:10:   'isReferenceFocused' is assigned a value but never used            no-unused-vars
  Line 39:30:   'setIsReferenceFocused' is assigned a value but never used         no-unused-vars
  Line 40:10:   'isLoadingBookings' is assigned a value but never used             no-unused-vars
  Line 225:9:   'isRecurringChargeDue' is assigned a value but never used          no-unused-vars
  Line 240:9:   'getBillingLabel' is assigned a value but never used               no-unused-vars
  Line 246:9:   'buildMockTransactionId' is assigned a value but never used        no-unused-vars
  Line 548:9:   'isGcashFlow' is assigned a value but never used                   no-unused-vars
  Line 561:9:   'handleOpenRating' is assigned a value but never used              no-unused-vars
  Line 568:9:   'handleOpenPaymentProofModal' is assigned a value but never used   no-unused-vars
  Line 575:9:   'handleOpenCashConfirmModal' is assigned a value but never used    no-unused-vars
  Line 582:9:   'handleOpenTransactionProof' is assigned a value but never used    no-unused-vars
  Line 586:9:   'handleProofFileChange' is assigned a value but never used         no-unused-vars
  Line 591:9:   'handleSubmitPaymentProof' is assigned a value but never used      no-unused-vars
  Line 635:9:   'handleSubmitCashConfirmation' is assigned a value but never used  no-unused-vars
  Line 708:9:   'handleSubmitRating' is assigned a value but never used            no-unused-vars
  Line 1062:9:  'statusStyleMap' is assigned a value but never used                no-unused-vars
  Line 1095:9:  'filteredBookings' is assigned a value but never used              no-unused-vars

src\features\dashboard\pages\Dashboard.jsx
  Line 26:8:    'BookingNotification' is defined but never used               no-unused-vars
  Line 183:10:  'showBookingNotification' is assigned a value but never used  no-unused-vars
  Line 184:10:  'bookingMessage' is assigned a value but never used           no-unused-vars
  Line 331:9:   'handleCloseReviews' is assigned a value but never used       no-unused-vars
  Line 448:9:   'handleCloseNotification' is assigned a value but never used  no-unused-vars

src\features\profile\pages\Profile.jsx
  Line 34:25:  'setIsBackHovered' is assigned a value but never used  no-unused-vars

src\features\profile\pages\Settings.jsx
  Line 31:25:  'setIsBackHovered' is assigned a value but never used  no-unused-vars

src\features\work\pages\MyWork.jsx
  Line 17:10:   'getThemeTokens' is defined but never used                     no-unused-vars
  Line 394:10:  'isServiceDropdownOpen' is assigned a value but never used     no-unused-vars
  Line 394:33:  'setIsServiceDropdownOpen' is assigned a value but never used  no-unused-vars
  Line 395:30:  'setActiveServiceIndex' is assigned a value but never used     no-unused-vars

Search for the keywords to learn more about each warning.
To ignore, add // eslint-disable-next-line to the line before.

File sizes after gzip:

  199.36 kB (+1.75 kB)  build\static\js\main.ac4e326e.js
  128.17 kB             build\static\js\389.b8df3256.chunk.js
  46.35 kB              build\static\js\239.601f6a53.chunk.js
  33.55 kB              build\static\js\732.7e955b9e.chunk.js
  8.74 kB               build\static\js\977.49a2f8f8.chunk.js
  1.76 kB               build\static\js\453.4efd8376.chunk.js

The project was built assuming it is hosted at /.
You can control this with the homepage field in your package.json.

The build folder is ready to be deployed.
You may serve it with a static server:

  npm install -g serve
  serve -s build

Find out more about deployment here:

  https://cra.link/deployment

